Starting Data Migration pipeline to Neon...
1. Migrating local Texts to Neon DB...
Connecting...
Loaded 48726 existing texts from Neon.
Found 70964 texts in local DB.
Prepared 22238 newly missing texts for bulk insert.
Migrated batch 0 to 1000...
Migrated batch 1000 to 2000...
Migrated batch 2000 to 3000...
Migrated batch 3000 to 4000...
Migrated batch 4000 to 5000...
Migrated batch 5000 to 6000...
Migrated batch 6000 to 7000...
Migrated batch 7000 to 8000...
Migrated batch 8000 to 9000...
Migrated batch 9000 to 10000...
Migrated batch 10000 to 11000...
Migrated batch 11000 to 12000...
Migrated batch 12000 to 13000...
Migrated batch 13000 to 14000...
Migrated batch 14000 to 15000...
Migrated batch 15000 to 16000...
Migrated batch 16000 to 17000...
Migrated batch 17000 to 18000...
Migrated batch 18000 to 19000...
Migrated batch 19000 to 20000...
Migrated batch 20000 to 21000...
Migrated batch 21000 to 22000...
Migrated batch 22000 to 22238...
Migration of Texts complete!
2. Migrating leftover Translations...
Connecting...
Fetching Neon DB texts mapping...
Loaded 70964 Neon DB texts.
Fetching existing Neon DB translations...
Loaded 3126 existing Neon DB translations.
Fetching Local DB translations...
Found 15603 translations in Local DB.
Prepared 12482 translations for bulk insert.
Skipped 3121 duplicates.
Skipped 0 missing texts.
Inserting...
Migrated batch 0 to 1000...
Migrated batch 1000 to 2000...
Migrated batch 2000 to 3000...
Migrated batch 3000 to 4000...
Migrated batch 4000 to 5000...
Migrated batch 5000 to 6000...
Migrated batch 6000 to 7000...
Migrated batch 7000 to 8000...
Migrated batch 8000 to 9000...
Migrated batch 9000 to 10000...
Migrated batch 10000 to 11000...
Migrated batch 11000 to 12000...
Migrated batch 12000 to 12482...
Bulk insert complete.
Done!
Migration complete.
