Starting migration of 'audio' to bucket 'shlokas-audio'...
Uploading: audio/52458ca2-4728-4e00-8457-d199e826a10d/Hindi.m4a -> audio/52458ca2-4728-4e00-8457-d199e826a10d/Hindi.m4a
Uploading: audio/8224f3c9-dc30-4322-a1f9-a47d8ab67636/Hindi.m4a -> audio/8224f3c9-dc30-4322-a1f9-a47d8ab67636/Hindi.m4a
Uploading: audio/f58a3f66-d7bd-4354-8717-0d6ff4af372d/Hindi.m4a -> audio/f58a3f66-d7bd-4354-8717-0d6ff4af372d/Hindi.m4a
Uploading: audio/f58a3f66-d7bd-4354-8717-0d6ff4af372d/English.m4a -> audio/f58a3f66-d7bd-4354-8717-0d6ff4af372d/English.m4a
Uploading: audio/c3634dc3-0c58-4813-be62-514e5ab63fa5/Hindi.m4a -> audio/c3634dc3-0c58-4813-be62-514e5ab63fa5/Hindi.m4a
Uploading: audio/23131508-0cdd-470d-83fe-8957fed745cb/Hindi.m4a -> audio/23131508-0cdd-470d-83fe-8957fed745cb/Hindi.m4a
Uploading: audio/b25bece7-ff5f-4ac6-9970-7723d1b1be57/Hindi.m4a -> audio/b25bece7-ff5f-4ac6-9970-7723d1b1be57/Hindi.m4a
Uploading: audio/b25bece7-ff5f-4ac6-9970-7723d1b1be57/sanskrit.m4a -> audio/b25bece7-ff5f-4ac6-9970-7723d1b1be57/sanskrit.m4a
Uploading: audio/61a232a8-0678-4be8-8607-0c75844c3f16/Hindi.m4a -> audio/61a232a8-0678-4be8-8607-0c75844c3f16/Hindi.m4a
Uploading: audio/cc88baf5-9b4f-425e-b431-3467f9228132/Hindi.m4a -> audio/cc88baf5-9b4f-425e-b431-3467f9228132/Hindi.m4a
Uploading: audio/cc88baf5-9b4f-425e-b431-3467f9228132/English.m4a -> audio/cc88baf5-9b4f-425e-b431-3467f9228132/English.m4a
Uploading: audio/55c02683-8493-4c4c-9ee7-7e461a901891/Hindi.m4a -> audio/55c02683-8493-4c4c-9ee7-7e461a901891/Hindi.m4a
Uploading: audio/71f748cc-ecd5-4c82-8024-36d44e30a548/Hindi.m4a -> audio/71f748cc-ecd5-4c82-8024-36d44e30a548/Hindi.m4a
Uploading: audio/71f748cc-ecd5-4c82-8024-36d44e30a548/English.m4a -> audio/71f748cc-ecd5-4c82-8024-36d44e30a548/English.m4a
Uploading: audio/e0fbe8ad-7357-4898-a174-93283ebbcd44/Hindi.m4a -> audio/e0fbe8ad-7357-4898-a174-93283ebbcd44/Hindi.m4a
Uploading: audio/f007c2ec-3674-4b87-9558-e55fc2e97baf/Hindi.m4a -> audio/f007c2ec-3674-4b87-9558-e55fc2e97baf/Hindi.m4a
Uploading: audio/f007c2ec-3674-4b87-9558-e55fc2e97baf/English.m4a -> audio/f007c2ec-3674-4b87-9558-e55fc2e97baf/English.m4a
Uploading: audio/hindi/mahabharata_bhagavad_gita_ch2_v8.mp3 -> audio/hindi/mahabharata_bhagavad_gita_ch2_v8.mp3
Uploading: audio/hindi/mahabharata_bhagavad_gita_ch2_v6.mp3 -> audio/hindi/mahabharata_bhagavad_gita_ch2_v6.mp3
Uploading: audio/hindi/mahabharata_bhagavad_gita_ch2_v7.mp3 -> audio/hindi/mahabharata_bhagavad_gita_ch2_v7.mp3
Uploading: audio/hindi/mahabharata_bhagavad_gita_ch2_v5.mp3 -> audio/hindi/mahabharata_bhagavad_gita_ch2_v5.mp3
Uploading: audio/hindi/mahabharata_bhagavad_gita_ch2_v4.mp3 -> audio/hindi/mahabharata_bhagavad_gita_ch2_v4.mp3
Uploading: audio/70d8faab-6485-4130-93a6-95ab5fcaeb06/Hindi.m4a -> audio/70d8faab-6485-4130-93a6-95ab5fcaeb06/Hindi.m4a
Uploading: audio/d199087b-2825-49c8-8b75-6b5ab78f1eb2/Hindi.m4a -> audio/d199087b-2825-49c8-8b75-6b5ab78f1eb2/Hindi.m4a
Uploading: audio/d199087b-2825-49c8-8b75-6b5ab78f1eb2/English.aiff -> audio/d199087b-2825-49c8-8b75-6b5ab78f1eb2/English.aiff
Uploading: audio/d199087b-2825-49c8-8b75-6b5ab78f1eb2/English.txt -> audio/d199087b-2825-49c8-8b75-6b5ab78f1eb2/English.txt
Uploading: audio/93ad709d-9ac8-4a48-bb87-2a73dca1ed7a/sanskrit.m4a -> audio/93ad709d-9ac8-4a48-bb87-2a73dca1ed7a/sanskrit.m4a
Uploading: audio/d66d472a-4ed9-43b0-87e6-c39d9c4dccaa/Hindi.m4a -> audio/d66d472a-4ed9-43b0-87e6-c39d9c4dccaa/Hindi.m4a
Uploading: audio/28449c6c-4825-4615-908c-5e0ef579915d/Hindi.m4a -> audio/28449c6c-4825-4615-908c-5e0ef579915d/Hindi.m4a
Uploading: audio/28449c6c-4825-4615-908c-5e0ef579915d/English.m4a -> audio/28449c6c-4825-4615-908c-5e0ef579915d/English.m4a
Uploading: audio/a367737d-b2d9-4666-bf71-750a13f84d37/Hindi.m4a -> audio/a367737d-b2d9-4666-bf71-750a13f84d37/Hindi.m4a
Uploading: audio/9aa304b0-1d93-4734-a5c3-0aff8abaa42e/Hindi.m4a -> audio/9aa304b0-1d93-4734-a5c3-0aff8abaa42e/Hindi.m4a
Uploading: audio/394ba742-755b-4e02-96eb-0a86675924b4/Hindi.m4a -> audio/394ba742-755b-4e02-96eb-0a86675924b4/Hindi.m4a
Uploading: audio/f5703676-1998-4256-8f1c-bf4453b12e26/sanskrit.m4a -> audio/f5703676-1998-4256-8f1c-bf4453b12e26/sanskrit.m4a
Uploading: audio/28e5ebed-fe20-4aab-b8b7-df055b447f73/Hindi.m4a -> audio/28e5ebed-fe20-4aab-b8b7-df055b447f73/Hindi.m4a
Uploading: audio/b68f9530-69fe-49db-8ac8-a66b61343dea/Hindi.m4a -> audio/b68f9530-69fe-49db-8ac8-a66b61343dea/Hindi.m4a
Uploading: audio/1b08ba91-3ebe-4f55-a7a2-b744f2641359/Hindi.m4a -> audio/1b08ba91-3ebe-4f55-a7a2-b744f2641359/Hindi.m4a
Uploading: audio/d3dc4594-c38f-4eca-9270-095867c2c1ed/sanskrit.m4a -> audio/d3dc4594-c38f-4eca-9270-095867c2c1ed/sanskrit.m4a
Uploading: audio/9d666125-9522-4b5b-84ae-2c42f422e96e/Hindi.m4a -> audio/9d666125-9522-4b5b-84ae-2c42f422e96e/Hindi.m4a
Uploading: audio/9d666125-9522-4b5b-84ae-2c42f422e96e/English.m4a -> audio/9d666125-9522-4b5b-84ae-2c42f422e96e/English.m4a
Uploading: audio/e69d6044-362e-4af0-adff-301f173a86b6/Hindi.m4a -> audio/e69d6044-362e-4af0-adff-301f173a86b6/Hindi.m4a
Uploading: audio/e69d6044-362e-4af0-adff-301f173a86b6/English.m4a -> audio/e69d6044-362e-4af0-adff-301f173a86b6/English.m4a
Uploading: audio/345c5cab-412d-42f0-9cb3-889dec742ef3/Hindi.m4a -> audio/345c5cab-412d-42f0-9cb3-889dec742ef3/Hindi.m4a
Uploading: audio/54b74436-cf1d-4372-8975-84dc1ec11232/Hindi.m4a -> audio/54b74436-cf1d-4372-8975-84dc1ec11232/Hindi.m4a
Uploading: audio/86fd64f0-68a1-4657-aae9-3adaf73fab6c/Hindi.m4a -> audio/86fd64f0-68a1-4657-aae9-3adaf73fab6c/Hindi.m4a
Uploading: audio/b215c62a-465a-4b0a-b864-ecfe99d0703f/Hindi.m4a -> audio/b215c62a-465a-4b0a-b864-ecfe99d0703f/Hindi.m4a
Uploading: audio/31787fce-40e5-42f5-9851-fd38fb4d1c00/Hindi.m4a -> audio/31787fce-40e5-42f5-9851-fd38fb4d1c00/Hindi.m4a
Uploading: audio/c03ed6b3-a074-41a1-887b-c9a9786c1202/Hindi.m4a -> audio/c03ed6b3-a074-41a1-887b-c9a9786c1202/Hindi.m4a
Uploading: audio/efac5303-880f-4e36-8443-b768234ca278/Hindi.m4a -> audio/efac5303-880f-4e36-8443-b768234ca278/Hindi.m4a
Uploading: audio/32dd39de-575a-4310-ac14-0dcb9cbc0eae/Hindi.m4a -> audio/32dd39de-575a-4310-ac14-0dcb9cbc0eae/Hindi.m4a
Uploading: audio/c4c2ee76-633e-49f4-aac0-fb8332aff969/Hindi.m4a -> audio/c4c2ee76-633e-49f4-aac0-fb8332aff969/Hindi.m4a
Uploading: audio/c4c2ee76-633e-49f4-aac0-fb8332aff969/English.m4a -> audio/c4c2ee76-633e-49f4-aac0-fb8332aff969/English.m4a
Uploading: audio/2bb22aac-78b7-4017-a2b2-8e69af5f2a1d/Hindi.m4a -> audio/2bb22aac-78b7-4017-a2b2-8e69af5f2a1d/Hindi.m4a
Uploading: audio/cfbd80a8-7d12-471a-b7a5-c4f4b2e9ed42/Hindi.m4a -> audio/cfbd80a8-7d12-471a-b7a5-c4f4b2e9ed42/Hindi.m4a
Uploading: audio/353f072b-0fdf-45e6-a1d7-24a984d616b1/Hindi.m4a -> audio/353f072b-0fdf-45e6-a1d7-24a984d616b1/Hindi.m4a
Uploading: audio/353f072b-0fdf-45e6-a1d7-24a984d616b1/English.m4a -> audio/353f072b-0fdf-45e6-a1d7-24a984d616b1/English.m4a
Uploading: audio/72b596ea-32de-4095-b616-a8a0396ff92c/Hindi.m4a -> audio/72b596ea-32de-4095-b616-a8a0396ff92c/Hindi.m4a
Uploading: audio/72b596ea-32de-4095-b616-a8a0396ff92c/English.m4a -> audio/72b596ea-32de-4095-b616-a8a0396ff92c/English.m4a
Uploading: audio/ccde977a-3cc6-452b-8095-8412d99339a4/Hindi.m4a -> audio/ccde977a-3cc6-452b-8095-8412d99339a4/Hindi.m4a
Uploading: audio/20993e81-aee1-4ad1-8d2b-f831935bf875/Hindi.m4a -> audio/20993e81-aee1-4ad1-8d2b-f831935bf875/Hindi.m4a
Uploading: audio/20993e81-aee1-4ad1-8d2b-f831935bf875/English.m4a -> audio/20993e81-aee1-4ad1-8d2b-f831935bf875/English.m4a
Uploading: audio/fce09b90-11b9-4d80-bdaf-c6ef5dfbf0f8/Hindi.m4a -> audio/fce09b90-11b9-4d80-bdaf-c6ef5dfbf0f8/Hindi.m4a
Uploading: audio/9558d029-713b-4130-af18-0801d9067421/Hindi.m4a -> audio/9558d029-713b-4130-af18-0801d9067421/Hindi.m4a
Uploading: audio/5c4f3b58-b579-4fba-a3d6-487d68c643e3/Hindi.m4a -> audio/5c4f3b58-b579-4fba-a3d6-487d68c643e3/Hindi.m4a
Uploading: audio/60993c19-4773-43ca-a23f-7df366124262/Hindi.m4a -> audio/60993c19-4773-43ca-a23f-7df366124262/Hindi.m4a
Uploading: audio/60993c19-4773-43ca-a23f-7df366124262/English.aiff -> audio/60993c19-4773-43ca-a23f-7df366124262/English.aiff
Uploading: audio/60993c19-4773-43ca-a23f-7df366124262/English.txt -> audio/60993c19-4773-43ca-a23f-7df366124262/English.txt
Uploading: audio/dde046f8-9bc5-4dc1-9306-3708ae960c71/Hindi.m4a -> audio/dde046f8-9bc5-4dc1-9306-3708ae960c71/Hindi.m4a
Uploading: audio/60c45e67-26bf-4566-80a5-f9ba6d1dc205/sanskrit.m4a -> audio/60c45e67-26bf-4566-80a5-f9ba6d1dc205/sanskrit.m4a
Uploading: audio/7ff0c208-5bb7-43f4-a45a-629c65040cb7/Hindi.m4a -> audio/7ff0c208-5bb7-43f4-a45a-629c65040cb7/Hindi.m4a
Uploading: audio/7ff0c208-5bb7-43f4-a45a-629c65040cb7/English.m4a -> audio/7ff0c208-5bb7-43f4-a45a-629c65040cb7/English.m4a
Uploading: audio/1021d3b9-5993-48c2-a727-01d0ce0e2537/Hindi.m4a -> audio/1021d3b9-5993-48c2-a727-01d0ce0e2537/Hindi.m4a
Uploading: audio/775e67e2-2f3f-4c6b-8133-b9c08cf1c546/Hindi.m4a -> audio/775e67e2-2f3f-4c6b-8133-b9c08cf1c546/Hindi.m4a
Uploading: audio/6b52f9c8-a53c-4c53-a267-fda97a294df6/Hindi.m4a -> audio/6b52f9c8-a53c-4c53-a267-fda97a294df6/Hindi.m4a
Uploading: audio/0cd2988b-047f-43e0-af69-107ccc8a2cb2/Hindi.m4a -> audio/0cd2988b-047f-43e0-af69-107ccc8a2cb2/Hindi.m4a
Uploading: audio/8f911287-a46d-4126-85dd-130f615c719f/Hindi.m4a -> audio/8f911287-a46d-4126-85dd-130f615c719f/Hindi.m4a
Uploading: audio/8f911287-a46d-4126-85dd-130f615c719f/sanskrit.m4a -> audio/8f911287-a46d-4126-85dd-130f615c719f/sanskrit.m4a
Uploading: audio/8f911287-a46d-4126-85dd-130f615c719f/English.aiff -> audio/8f911287-a46d-4126-85dd-130f615c719f/English.aiff
Uploading: audio/8f911287-a46d-4126-85dd-130f615c719f/English.txt -> audio/8f911287-a46d-4126-85dd-130f615c719f/English.txt
Uploading: audio/e19d008f-a29c-46a9-bf2b-965da641e08c/Hindi.m4a -> audio/e19d008f-a29c-46a9-bf2b-965da641e08c/Hindi.m4a
Uploading: audio/e19d008f-a29c-46a9-bf2b-965da641e08c/English.m4a -> audio/e19d008f-a29c-46a9-bf2b-965da641e08c/English.m4a
Migration complete. Uploaded 81 files.
a9-bf2b-965da641e08c/English.m4a -> audio/e19d008f-a29c-46a9-bf2b-965da641e08c/English.m4a
Migration complete. Uploaded 81 files.
